=== Half-Life 2 (Xbox) - Static Recompilation ===
XBE loaded: 8450048 bytes
Xbox memory mapped at host offset 0x10000000
MCPX APU: initialised
Initializing kernel replacement...

Starting game at entry point 0x0059C612...
xbox_MemoryLayoutInit: mapped 65536 KB at 0x0000000010000000 (offset +268435456 from Xbox base)
  XBE header: 2420 bytes at 0000000010010000 (Xbox VA 0x00010000)
  XBE sections: 10 (headers at file offset 0x00000370)
  [ 0] .text        VA=0x00011000 vsize=6175340  raw=0x00001000 rsize=6175340 
  [ 1] D3DX         VA=0x005F4A80 vsize=5168     raw=0x005E5000 rsize=5164     (BSS)
  [ 2] XGRPH        VA=0x005F5EC0 vsize=44760    raw=0x005E7000 rsize=26760    (BSS)
  [ 3] DSOUND       VA=0x00600DA0 vsize=41796    raw=0x005EE000 rsize=41172    (BSS)
  [ 4] D3D          VA=0x0060B100 vsize=85764    raw=0x005F9000 rsize=71208    (BSS)
  [ 5] XPP          VA=0x00620020 vsize=24884    raw=0x0060B000 rsize=24884   
  [ 6] .rdata       VA=0x00626160 vsize=1561508  raw=0x00612000 rsize=1561492  (BSS)
  [ 7] .data        VA=0x007A3520 vsize=2145212  raw=0x00790000 rsize=480236   (BSS)
  [ 8] DOLBY        VA=0x009AF0E0 vsize=29056    raw=0x00806000 rsize=29036    (BSS)
  [ 9] .XTLID       VA=0x009B6260 vsize=1632     raw=0x0080E000 rsize=1632    
  Loaded 10/10 sections (8416924 bytes total)
  Kernel thunks: 124 entries at Xbox VA 0x00626160
  Stack: 8192 KB at Xbox VA 0x00780000 (ESP = 0x00F7FFF0)
  TLS: 164-byte block at 0x00770000, fs:[4] = 0x007700A4 (index will be -41)
  TIB: fake TIB at VA 0x1000, TLS at 0x00760000, RW data at 0x00700000
  Contiguous window: 64 MB at Xbox VA 0x80000000
  NV2A register aperture: 16 MB at Xbox VA 0xFD000000 (zeroed, no register semantics)
  MCPX device aperture: 8 MB at Xbox VA 0xFE800000 (APU/AC97/USB/NIC, zeroed)
  NV2A busy-bit ack: 6 register(s) acknowledged
  Kernel: fake PE header at Xbox VA 0x80010000 (native 0000000090010000)
  Heap: 48 MB at Xbox VA 0x00F80000-0x04000000
  Mirror 27: FAILED at 000000007C000000 (error 487)
  RAM mirror: 27/28 views mapped (covers 1792 MB)
  Tiled aperture alias verified
  Tiled aperture: 64 MB at Xbox VA 0xF0000000 (aliases RAM)
xbox_MemoryLayoutInit: complete
[APU] DSP GP/EP initialized (STUBBED - passthrough mode)
[XA2] XAudio2 initialized (48000 Hz stereo 16-bit, 3 x 1024-sample buffers)
[APU] Using XAudio2 audio backend
[APU] MCPX APU initialized (standalone)
[APU]   RAM pointer: 0000000010000000
[APU]   MMIO base: 0xFE800000 (512KB)
[APU]   VP: 256 max voices, 32 samples/frame
  Kernel thunk bridge: resolving 124 entries at 0x00626160
  Kernel data exports: initialized at Xbox VA 0x00740000
  [KERNEL] unbridged function thunk: ordinal 250 (slot 12, VA 0xFE000030)
  [KERNEL] unbridged function thunk: ordinal 37 (slot 18, VA 0xFE000048)
  [KERNEL] unbridged function thunk: ordinal 35 (slot 19, VA 0xFE00004C)
  [KERNEL] unbridged function thunk: ordinal 172 (slot 22, VA 0xFE000058)
  [KERNEL] unbridged function thunk: ordinal 167 (slot 23, VA 0xFE00005C)
  [KERNEL] unbridged function thunk: ordinal 304 (slot 27, VA 0xFE00006C)
  [KERNEL] unbridged function thunk: ordinal 69 (slot 32, VA 0xFE000080)
  [KERNEL] unbridged function thunk: ordinal 336 (slot 34, VA 0xFE000088)
  [KERNEL] unbridged function thunk: ordinal 335 (slot 35, VA 0xFE00008C)
  [KERNEL] unbridged function thunk: ordinal 337 (slot 36, VA 0xFE000090)
  [KERNEL] unbridged function thunk: ordinal 193 (slot 46, VA 0xFE0000B8)
  [KERNEL] unbridged function thunk: ordinal 222 (slot 47, VA 0xFE0000BC)
  [KERNEL] unbridged function thunk: ordinal 192 (slot 48, VA 0xFE0000C0)
  [KERNEL] unbridged function thunk: ordinal 221 (slot 49, VA 0xFE0000C4)
  [KERNEL] unbridged function thunk: ordinal 235 (slot 51, VA 0xFE0000CC)
  [KERNEL] unbridged function thunk: ordinal 286 (slot 53, VA 0xFE0000D4)
  [KERNEL] unbridged function thunk: ordinal 308 (slot 54, VA 0xFE0000D8)
  [KERNEL] unbridged function thunk: ordinal 290 (slot 55, VA 0xFE0000DC)
  [KERNEL] unbridged function thunk: ordinal 260 (slot 56, VA 0xFE0000E0)
  [KERNEL] unbridged function thunk: ordinal 180 (slot 62, VA 0xFE0000F8)
  [KERNEL] unbridged function thunk: ordinal 143 (slot 66, VA 0xFE000108)
  [KERNEL] unbridged function thunk: ordinal 124 (slot 68, VA 0xFE000110)
  [KERNEL] unbridged function thunk: ordinal 97 (slot 89, VA 0xFE000164)
  [KERNEL] unbridged function thunk: ordinal 269 (slot 94, VA 0xFE000178)
  [KERNEL] unbridged function thunk: ordinal 360 (slot 95, VA 0xFE00017C)
  [KERNEL] unbridged function thunk: ordinal 17 (slot 98, VA 0xFE000188)
  [KERNEL] unbridged function thunk: ordinal 151 (slot 103, VA 0xFE00019C)
  [KERNEL] unbridged function thunk: ordinal 340 (slot 104, VA 0xFE0001A0)
  [KERNEL] unbridged function thunk: ordinal 175 (slot 106, VA 0xFE0001A8)
  [KERNEL] unbridged function thunk: ordinal 119 (slot 107, VA 0xFE0001AC)
  [KERNEL] unbridged function thunk: ordinal 176 (slot 108, VA 0xFE0001B0)
  [KERNEL] unbridged function thunk: ordinal 1 (slot 109, VA 0xFE0001B4)
  [KERNEL] unbridged function thunk: ordinal 4 (slot 111, VA 0xFE0001BC)
  [KERNEL] unbridged function thunk: ordinal 100 (slot 113, VA 0xFE0001C4)
  [KERNEL] unbridged function thunk: ordinal 46 (slot 114, VA 0xFE0001C8)
  [KERNEL] unbridged function thunk: ordinal 8 (slot 116, VA 0xFE0001D0)
  [KERNEL] unbridged function thunk: ordinal 142 (slot 117, VA 0xFE0001D4)
  [KERNEL] unbridged function thunk: ordinal 139 (slot 118, VA 0xFE0001D8)
  [KERNEL] unbridged function thunk: ordinal 137 (slot 120, VA 0xFE0001E0)
  [KERNEL] unbridged function thunk: ordinal 153 (slot 121, VA 0xFE0001E4)
  [KERNEL] extra thunk at 0x00626144: ordinal 135659519 (slot 131)
  [KERNEL] extra thunk at 0x0062613C: ordinal 2113938022 (slot 133)
  [KERNEL] extra thunk at 0x00626138: ordinal 57018493 (slot 134)
  [KERNEL] extra thunk at 0x00626134: ordinal 1535498379 (slot 135)
  [KERNEL] extra thunk at 0x00626130: ordinal 2147483484 (slot 136)
  [KERNEL] extra thunk at 0x0062612C: ordinal 1758170070 (slot 137)
  [KERNEL] extra thunk at 0x00626128: ordinal 185199615 (slot 138)
  [KERNEL] extra thunk at 0x00626124: ordinal 2147429352 (slot 139)
  [KERNEL] extra thunk at 0x00626120: ordinal 1267455627 (slot 140)
  Kernel thunk bridge: 133/124 resolved (84 bridged, 49 stub)
  Synthetic VA range: 0xFE000000-0xFE000210
  [KERNEL] #1: ordinal 255 (slot 73) esp=0x00F7FF9C ret=0x0059CA27
  [KERNEL] PsCreateSystemThreadEx #1: routine=0x0059C950 ctx1=0x0059C59E ctx2=0x00000000
  [KERNEL] #2: ordinal 277 (slot 1) esp=0x00F7FF40 ret=0x0059C6EA
  [KERNEL] → returned 0x00000000
  [KERNEL] #3: ordinal 294 (slot 2) esp=0x00F7FF40 ret=0x0059C70D
  [KERNEL] → returned 0x00000000
[TRACE] -> sub_0059C59E (0x0059C59E)  from=0059C9C2 esp=00F7FF54 eax=00000000 ecx=00000000 esi=00000000 edi=00700098 ebx=00000000
[ESP] sub_0059C59E @after call 0x0059DF65  esp=00F7FF54 esi=00000000 edi=00700098
[TRACE] -> sub_0059D73E (0x0059D73E)  from=0059C5A8 esp=00F7FF50 eax=80010070 ecx=00000000 esi=00000000 edi=00700098 ebx=00000000
  [KERNEL] #4: ordinal 47 (slot 84) esp=0x00F7FF00 ret=0x0059D75B
  [KERNEL] → returned 0x00000000
  [KERNEL] #5: ordinal 107 (slot 92) esp=0x00F7FEE8 ret=0x005A0D56
  [KERNEL] → returned 0x00000000
  [KERNEL] #6: ordinal 113 (slot 87) esp=0x00F7FEEC ret=0x005A0D63
  [KERNEL] → returned 0x00000000
  [KERNEL] #7: ordinal 24 (slot 40) esp=0x00F7FEC4 ret=0x0059D1D5
  [KERNEL] → returned 0x00000000
  [KERNEL] #8: ordinal 301 (slot 33) esp=0x00F7FED4 ret=0x0059D1DC
  [KERNEL] → returned 0x00000000
  [KERNEL] #9: ordinal 149 (slot 88) esp=0x00F7FEE0 ret=0x005A0D2B
  [KERNEL] → returned 0x00000000
[ESP] sub_0059D73E @after call 0x005A0D3E  esp=00F7FF0C esi=00000000 edi=00700098
[ESP] sub_0059D73E @pop ecx  esp=00F7FF08 esi=00000000 edi=00700098
[TRACE] -> sub_0059F850 (0x0059F850)  from=0059D78C esp=00F7FEF0 eax=00F7FF18 ecx=00000000 esi=00000000 edi=00000000 ebx=00000001
[ESP] sub_0059F850 @after call 0x005B2D78  esp=00F7FE68 esi=00000000 edi=00000000
[ESP] sub_0059F850 @pop ecx  esp=00F7FE64 esi=00000000 edi=00000000
[ESP] sub_0059F850 @after call 0x005AD700  esp=00F7FE5C esi=00000000 edi=00F7FEA4
  [KERNEL] #10: ordinal 184 (slot 57) esp=0x00F7FE50 ret=0x0059FA91
  [KERNEL] NtAllocateVirtualMemory: base=0x00000000 size=134217728 type=0x2000 prot=0x4
xbox_HeapAlloc: out of memory (requested 134217728, used 0/50855936)
xbox_HeapAlloc: out of memory (requested 67108864, used 0/50855936)
  [HEAP] #1: size=33554432 align=4096 → 0x00F80000..0x02F80000 (used 33554432/50855936)
  [KERNEL] NtAllocateVirtualMemory: reserve of 134217728 clamped to 33554432 (heap cannot back the full range)
  [KERNEL] → returned 0x00000000
  [KERNEL] #11: ordinal 184 (slot 57) esp=0x00F7FE50 ret=0x0059FACA
  [KERNEL] NtAllocateVirtualMemory: base=0x00F80000 size=4096 type=0x1000 prot=0x4
  [KERNEL] → MEM_COMMIT on existing region 0x00F80000, no-op
  [KERNEL] → returned 0x00000000
[ESP] sub_0059F850 @pop ecx  esp=00F7FE64 esi=0000062C edi=00000080
  [KERNEL] #12: ordinal 291 (slot 0) esp=0x00F7FE60 ret=0x0059FBD2
  [KERNEL] → returned 0x00000000
[ESP] sub_0059F850 @after call 0x0059F301  esp=00F7FE68 esi=00F80630 edi=00F80610
[ESP] sub_0059F850 @after call 0x005B2DB3  esp=00F7FEF0 esi=00000000 edi=00000000
[TRACE] <- sub_0059F850 (0x0059F850)  esp=00F7FEF0 eax=00F80000 ecx=0059FC71 esi=00000000 edi=00000000 ebx=00000001
[ESP] sub_0059D73E @after call 0x0059F850  esp=00F7FF0C esi=00000000 edi=00000000
[TRACE] -> sub_0059D72D (0x0059D72D)  from=0059D7A8 esp=00F7FF04 eax=00F80000 ecx=0059FC71 esi=00000000 edi=00000000 ebx=00000001
[TRACE] -> sub_0059D1E0 (0x0059D1E0)  from=0059D73B esp=00F7FEF8 eax=00F80000 ecx=0059FC71 esi=00000000 edi=00000000 ebx=00000001
  [KERNEL] #13: ordinal 202 (slot 15) esp=0x00F7FEA8 ret=0x0059D216
  [PATH] \Device\Harddisk0\partition1\ -> partition image
  [KERNEL] → returned 0x00000000
  [KERNEL] #14: ordinal 218 (slot 8) esp=0x00F7FEAC ret=0x0059D231
  [KERNEL] → returned 0x00000000
  [KERNEL] #15: ordinal 187 (slot 14) esp=0x00F7FEBC ret=0x0059D23C
  [KERNEL] NtClose: handle=0x48000001
  [KERNEL] → returned 0x00000000
[ESP] sub_0059D1E0 @pop esi  esp=00F7FEC4 esi=00000000 edi=00000000
[TRACE] <- sub_0059D1E0 (0x0059D1E0)  esp=00F7FEF8 eax=00000000 ecx=0059FC71 esi=00000000 edi=00000000 ebx=00000001
[ESP] sub_0059D72D @after call 0x0059D1E0  esp=00F7FF04 esi=00000000 edi=00000000
[TRACE] <- sub_0059D72D (0x0059D72D)  esp=00F7FF04 eax=00000000 ecx=0059FC71 esi=00000000 edi=00000000 ebx=00000001
[ESP] sub_0059D73E @after call 0x0059D72D  esp=00F7FF0C esi=00000000 edi=00000000
  [KERNEL] #16: ordinal 67 (slot 29) esp=0x00F7FF00 ret=0x0059D7DA
  [KERNEL] → returned 0x00000000
[TRACE] -> sub_0059D673 (0x0059D673)  from=0059D805 esp=00F7FF00 eax=00010184 ecx=00010190 esi=00000000 edi=00000000 ebx=00000001
[TRACE] -> sub_005AFA22 (0x005AFA22)  from=0059D68A esp=00F7FEE0 eax=00F7FEF0 ecx=00010190 esi=00000000 edi=00000000 ebx=00000001
[ESP] sub_005AFA22 @after call 0x005B9EB0  esp=00F7FEA8 esi=00F7FEF0 edi=00000000
[ESP] sub_005AFA22 @pop edi  esp=00F7FEB4 esi=00F7FEF0 edi=00000008
[ESP] sub_005AFA22 @pop esi  esp=00F7FEB8 esi=00F7FEF0 edi=00000000
[TRACE] <- sub_005AFA22 (0x005AFA22)  esp=00F7FEE0 eax=00000008 ecx=00000000 esi=00000000 edi=00000000 ebx=00000001
[ESP] sub_0059D673 @after call 0x005AFA22  esp=00F7FEE4 esi=00000000 edi=00000000
[TRACE] -> sub_0059D33F (0x0059D33F)  from=0059D6A6 esp=00F7FED4 eax=00F7FEF0 ecx=00000000 esi=00000000 edi=00000000 ebx=00000001
  [KERNEL] #17: ordinal 190 (slot 21) esp=0x00F7FC18 ret=0x0059D384
  [PATH] \Device\Harddisk0\partition1\TDATA
  [FILE] -> 0x00000000
  [KERNEL] → returned 0x00000000
  [KERNEL] #18: ordinal 187 (slot 14) esp=0x00F7FC38 ret=0x0059D394
  [KERNEL] NtClose: handle=0x48000001
  [KERNEL] → returned 0x00000000
  [KERNEL] #19: ordinal 289 (slot 16) esp=0x00F7FC34 ret=0x0059D404
  [KERNEL] → returned 0x00000000
  [KERNEL] #20: ordinal 190 (slot 21) esp=0x00F7FC18 ret=0x0059D441
  [PATH] \Device\Harddisk0\partition1\TDATA\45410091
  [FILE] -> 0x00000000
  [KERNEL] → returned 0x00000000
  [KERNEL] #21: ordinal 187 (slot 14) esp=0x00F7FC38 ret=0x0059D654
  [KERNEL] NtClose: handle=0x48000001
  [KERNEL] → returned 0x00000000
  [KERNEL] #22: ordinal 67 (slot 29) esp=0x00F7FC34 ret=0x0059D666
  [KERNEL] → returned 0x00000000
[ESP] sub_0059D33F @pop edi  esp=00F7FC40 esi=00000000 edi=00000080
[ESP] sub_0059D33F @pop esi  esp=00F7FC44 esi=00000000 edi=00000000
[ESP] sub_0059D33F @pop ebx  esp=00F7FC48 esi=00000000 edi=00000000
[TRACE] <- sub_0059D33F (0x0059D33F)  esp=00F7FED4 eax=00000000 ecx=00F7FEF9 esi=00000000 edi=00000000 ebx=00000001
[ESP] sub_0059D673 @after call 0x0059D33F  esp=00F7FEF0 esi=00000000 edi=00000000
[TRACE] -> sub_0059D33F (0x0059D33F)  from=0059D6C4 esp=00F7FED4 eax=00F7FEF0 ecx=00F7FEF9 esi=00000000 edi=00000000 ebx=00000001
  [KERNEL] #23: ordinal 190 (slot 21) esp=0x00F7FC18 ret=0x0059D384
  [PATH] \Device\Harddisk0\partition1\UDATA
  [FILE] -> 0x00000000
  [KERNEL] → returned 0x00000000
  [KERNEL] #24: ordinal 187 (slot 14) esp=0x00F7FC38 ret=0x0059D394
  [KERNEL] NtClose: handle=0x48000001
  [KERNEL] → returned 0x00000000
  [KERNEL] #25: ordinal 289 (slot 16) esp=0x00F7FC34 ret=0x0059D404
  [KERNEL] → returned 0x00000000
  [KERNEL] #26: ordinal 190 (slot 21) esp=0x00F7FC18 ret=0x0059D441
  [PATH] \Device\Harddisk0\partition1\UDATA\45410091
  [FILE] -> 0x00000000
  [KERNEL] → returned 0x00000000
  [KERNEL] #27: ordinal 289 (slot 16) esp=0x00F7FC0C ret=0x0059D10B
  [KERNEL] → returned 0x00000000
  [KERNEL] #28: ordinal 289 (slot 16) esp=0x00F7FC0C ret=0x0059D127
  [KERNEL] → returned 0x00000000
  [KERNEL] #29: ordinal 279 (slot 80) esp=0x00F7FC08 ret=0x0059D137
  [KERNEL] → returned 0x00000000
  [KERNEL] #30: ordinal 289 (slot 16) esp=0x00F7FC0C ret=0x0059D127
  [KERNEL] → returned 0x00000000
  [KERNEL] #31: ordinal 279 (slot 80) esp=0x00F7FC08 ret=0x0059D137
  [KERNEL] → returned 0x00000000
  [KERNEL] #32: ordinal 289 (slot 16) esp=0x00F7FC0C ret=0x0059D127
  [KERNEL] → returned 0x00000000
  [KERNEL] #33: ordinal 279 (slot 80) esp=0x00F7FC08 ret=0x0059D137
  [KERNEL] → returned 0x00000000
  [KERNEL] #34: ordinal 289 (slot 16) esp=0x00F7FC0C ret=0x0059D127
  [KERNEL] → returned 0x00000000
  [KERNEL] #35: ordinal 279 (slot 80) esp=0x00F7FC08 ret=0x0059D137
  [KERNEL] → returned 0x00000000
  [KERNEL] #36: ordinal 289 (slot 16) esp=0x00F7FC0C ret=0x0059D127
  [KERNEL] → returned 0x00000000
  [KERNEL] #37: ordinal 279 (slot 80) esp=0x00F7FC08 ret=0x0059D137
  [KERNEL] → returned 0x00000000
  [KERNEL] #38: ordinal 289 (slot 16) esp=0x00F7FC0C ret=0x0059D127
  [KERNEL] → returned 0x00000000
  [KERNEL] #39: ordinal 279 (slot 80) esp=0x00F7FC08 ret=0x0059D137
  [KERNEL] → returned 0x00000000
  [KERNEL] #40: ordinal 289 (slot 16) esp=0x00F7FC0C ret=0x0059D127
  [KERNEL] → returned 0x00000000
  [KERNEL] #41: ordinal 279 (slot 80) esp=0x00F7FC08 ret=0x0059D137
  [KERNEL] → returned 0x00000000
  [KERNEL] #42: ordinal 289 (slot 16) esp=0x00F7FC0C ret=0x0059D127
  [KERNEL] → returned 0x00000000
  [KERNEL] #43: ordinal 279 (slot 80) esp=0x00F7FC08 ret=0x0059D137
  [KERNEL] → returned 0x00000000
  [KERNEL] #44: ordinal 289 (slot 16) esp=0x00F7FC0C ret=0x0059D127
  [KERNEL] → returned 0x00000000
  [KERNEL] #45: ordinal 279 (slot 80) esp=0x00F7FC08 ret=0x0059D137
  [KERNEL] → returned 0x00000000
  [KERNEL] #46: ordinal 289 (slot 16) esp=0x00F7FC0C ret=0x0059D127
  [KERNEL] → returned 0x00000000
  [KERNEL] #47: ordinal 279 (slot 80) esp=0x00F7FC08 ret=0x0059D137
  [KERNEL] → returned 0x00000000
[ESP] sub_0059D33F @after call 0x0059D0F3  esp=00F7FC40 esi=00010190 edi=00000080
  [KERNEL] #48: ordinal 289 (slot 16) esp=0x00F7FC0C ret=0x0059D10B
  [KERNEL] → returned 0x00000000
  [KERNEL] #49: ordinal 289 (slot 16) esp=0x00F7FC0C ret=0x0059D127
  [KERNEL] → returned 0x00000000
  [KERNEL] #50: ordinal 279 (slot 80) esp=0x00F7FC08 ret=0x0059D137
  [KERNEL] → returned 0x00000000
  [KERNEL] #51: ordinal 289 (slot 16) esp=0x00F7FC0C ret=0x0059D127
  [KERNEL] → returned 0x00000000
  [KERNEL] #52: ordinal 279 (slot 80) esp=0x00F7FC08 ret=0x0059D137
  [KERNEL] → returned 0x00000000
  [KERNEL] #53: ordinal 289 (slot 16) esp=0x00F7FC0C ret=0x0059D127
  [KERNEL] → returned 0x00000000
  [KERNEL] #54: ordinal 279 (slot 80) esp=0x00F7FC08 ret=0x0059D137
  [KERNEL] → returned 0x00000000
  [KERNEL] #55: ordinal 289 (slot 16) esp=0x00F7FC0C ret=0x0059D127
  [KERNEL] → returned 0x00000000
  [KERNEL] #56: ordinal 279 (slot 80) esp=0x00F7FC08 ret=0x0059D137
  [KERNEL] → returned 0x00000000
  [KERNEL] #57: ordinal 289 (slot 16) esp=0x00F7FC0C ret=0x0059D127
  [KERNEL] → returned 0x00000000
  [KERNEL] #58: ordinal 279 (slot 80) esp=0x00F7FC08 ret=0x0059D137
  [KERNEL] → returned 0x00000000
  [KERNEL] #59: ordinal 289 (slot 16) esp=0x00F7FC0C ret=0x0059D127
  [KERNEL] → returned 0x00000000
  [KERNEL] #60: ordinal 279 (slot 80) esp=0x00F7FC08 ret=0x0059D137
  [KERNEL] → returned 0x00000000
  [KERNEL] #61: ordinal 289 (slot 16) esp=0x00F7FC0C ret=0x0059D127
  [KERNEL] → returned 0x00000000
  [KERNEL] #62: ordinal 279 (slot 80) esp=0x00F7FC08 ret=0x0059D137
  [KERNEL] → returned 0x00000000
  [KERNEL] #63: ordinal 289 (slot 16) esp=0x00F7FC0C ret=0x0059D127
  [KERNEL] → returned 0x00000000
  [KERNEL] #64: ordinal 279 (slot 80) esp=0x00F7FC08 ret=0x0059D137
  [KERNEL] → returned 0x00000000
  [KERNEL] #65: ordinal 289 (slot 16) esp=0x00F7FC0C ret=0x0059D127
  [KERNEL] → returned 0x00000000
  [KERNEL] #66: ordinal 279 (slot 80) esp=0x00F7FC08 ret=0x0059D137
  [KERNEL] → returned 0x00000000
  [KERNEL] #67: ordinal 289 (slot 16) esp=0x00F7FC0C ret=0x0059D127
  [KERNEL] → returned 0x00000000
  [KERNEL] #68: ordinal 279 (slot 80) esp=0x00F7FC08 ret=0x0059D137
  [KERNEL] → returned 0x00000000
[ESP] sub_0059D33F @after call 0x0059D0F3  esp=00F7FC40 esi=00010190 edi=00000080
  [KERNEL] #69: ordinal 289 (slot 16) esp=0x00F7FC0C ret=0x0059D10B
  [KERNEL] → returned 0x00000000
  [KERNEL] #70: ordinal 289 (slot 16) esp=0x00F7FC0C ret=0x0059D127
  [KERNEL] → returned 0x00000000
  [KERNEL] #71: ordinal 279 (slot 80) esp=0x00F7FC08 ret=0x0059D137
  [KERNEL] → returned 0x00000000
  [KERNEL] #72: ordinal 289 (slot 16) esp=0x00F7FC0C ret=0x0059D127
  [KERNEL] → returned 0x00000000
  [KERNEL] #73: ordinal 279 (slot 80) esp=0x00F7FC08 ret=0x0059D137
  [KERNEL] → returned 0x00000000
  [KERNEL] #74: ordinal 289 (slot 16) esp=0x00F7FC0C ret=0x0059D127
  [KERNEL] → returned 0x00000000
  [KERNEL] #75: ordinal 279 (slot 80) esp=0x00F7FC08 ret=0x0059D137
  [KERNEL] → returned 0x00000000
  [KERNEL] #76: ordinal 289 (slot 16) esp=0x00F7FC0C ret=0x0059D127
  [KERNEL] → returned 0x00000000
  [KERNEL] #77: ordinal 279 (slot 80) esp=0x00F7FC08 ret=0x0059D137
  [KERNEL] → returned 0x00000000
  [KERNEL] #78: ordinal 289 (slot 16) esp=0x00F7FC0C ret=0x0059D127
  [KERNEL] → returned 0x00000000
  [KERNEL] #79: ordinal 279 (slot 80) esp=0x00F7FC08 ret=0x0059D137
  [KERNEL] → returned 0x00000000
  [KERNEL] #80: ordinal 289 (slot 16) esp=0x00F7FC0C ret=0x0059D127
  [KERNEL] → returned 0x00000000
  [KERNEL] #81: ordinal 279 (slot 80) esp=0x00F7FC08 ret=0x0059D137
  [KERNEL] → returned 0x00000000
  [KERNEL] #82: ordinal 289 (slot 16) esp=0x00F7FC0C ret=0x0059D127
  [KERNEL] → returned 0x00000000
  [KERNEL] #83: ordinal 279 (slot 80) esp=0x00F7FC08 ret=0x0059D137
  [KERNEL] → returned 0x00000000
  [KERNEL] #84: ordinal 289 (slot 16) esp=0x00F7FC0C ret=0x0059D127
  [KERNEL] → returned 0x00000000
  [KERNEL] #85: ordinal 279 (slot 80) esp=0x00F7FC08 ret=0x0059D137
  [KERNEL] → returned 0x00000000
  [KERNEL] #86: ordinal 289 (slot 16) esp=0x00F7FC0C ret=0x0059D127
  [KERNEL] → returned 0x00000000
  [KERNEL] #87: ordinal 279 (slot 80) esp=0x00F7FC08 ret=0x0059D137
  [KERNEL] → returned 0x00000000
  [KERNEL] #88: ordinal 289 (slot 16) esp=0x00F7FC0C ret=0x0059D127
  [KERNEL] → returned 0x00000000
  [KERNEL] #89: ordinal 279 (slot 80) esp=0x00F7FC08 ret=0x0059D137
  [KERNEL] → returned 0x00000000
[ESP] sub_0059D33F @after call 0x0059D0F3  esp=00F7FC40 esi=00010190 edi=00000080
[ESP] sub_0059D33F @after call 0x0059DBD1  esp=00F7FC40 esi=00F7FD93 edi=00000104
  [KERNEL] #90: ordinal 289 (slot 16) esp=0x00F7FC34 ret=0x0059D4FA
  [KERNEL] → returned 0x00000000
  [KERNEL] #91: ordinal 190 (slot 21) esp=0x00F7FC18 ret=0x0059D52A
  [PATH] \Device\Harddisk0\partition1\UDATA\45410091\TitleMeta.xbx
  [FILE] -> 0x00000000
  [KERNEL] → returned 0x00000000
  [KERNEL] #92: ordinal 211 (slot 7) esp=0x00F7FC28 ret=0x0059D54C
  [KERNEL] → returned 0x00000000
  [KERNEL] #93: ordinal 187 (slot 14) esp=0x00F7FC38 ret=0x0059D5F9
  [KERNEL] NtClose: handle=0x48000002
  [KERNEL] → returned 0x00000000
  [KERNEL] #94: ordinal 187 (slot 14) esp=0x00F7FC38 ret=0x0059D654
  [KERNEL] NtClose: handle=0x48000001
  [KERNEL] → returned 0x00000000
  [KERNEL] #95: ordinal 67 (slot 29) esp=0x00F7FC34 ret=0x0059D666
  [KERNEL] → returned 0x00000000
[ESP] sub_0059D33F @pop edi  esp=00F7FC40 esi=00F7FD93 edi=00000104
[ESP] sub_0059D33F @pop esi  esp=00F7FC44 esi=00F7FD93 edi=00000000
[ESP] sub_0059D33F @pop ebx  esp=00F7FC48 esi=00000000 edi=00000000
[TRACE] <- sub_0059D33F (0x0059D33F)  esp=00F7FED4 eax=00000000 ecx=0059DC33 esi=00000000 edi=00000000 ebx=00000001
[ESP] sub_0059D673 @after call 0x0059D33F  esp=00F7FEF0 esi=00000000 edi=00000000
[TRACE] <- sub_0059D673 (0x0059D673)  esp=00F7FF00 eax=00000000 ecx=0059DC33 esi=00000000 edi=00000000 ebx=00000001
[ESP] sub_0059D73E @after call 0x0059D673  esp=00F7FF0C esi=00000000 edi=00000000
  [KERNEL] #96: ordinal 202 (slot 15) esp=0x00F7FB80 ret=0x0059AAAF
  [PATH] \Device\Harddisk0\partition0 -> partition image
  [KERNEL] → returned 0x00000000
  [KERNEL] #97: ordinal 219 (slot 4) esp=0x00F7FB78 ret=0x0059AAE4
  [READ] want=512 got=512 st=0x00000000 2A 2A 2A 2A
  [KERNEL] → returned 0x00000000
  [KERNEL] #98: ordinal 236 (slot 5) esp=0x00F7FB70 ret=0x0059ACA4
  [KERNEL] → returned 0x00000000
  [KERNEL] #99: ordinal 187 (slot 14) esp=0x00F7FB94 ret=0x0059ACAF
  [KERNEL] NtClose: handle=0x48000001
  [KERNEL] → returned 0x00000000
  [KERNEL] #100: ordinal 289 (slot 16) esp=0x00F7FDD4 ret=0x0059AD30
  [KERNEL] → returned 0x00000000
  [KERNEL] #101: ordinal 289 (slot 16) esp=0x00F7FDD4 ret=0x0059AD3D
  [KERNEL] → returned 0x00000000
  [KERNEL] #102: ordinal 202 (slot 15) esp=0x00F7FD40 ret=0x0059D8E0
  [PATH] \Device\Harddisk0\Partition5\ -> partition image
  [KERNEL] → returned 0x00000000
  [KERNEL] #103: ordinal 196 (slot 11) esp=0x00F7FD28 ret=0x0059D912
  [KERNEL] → returned 0x00000000
  [KERNEL] #104: ordinal 196 (slot 11) esp=0x00F7FD28 ret=0x0059D94E
  [KERNEL] → returned 0x00000000
  [KERNEL] #105: ordinal 277 (slot 1) esp=0x00F7FB48 ret=0x0059FCC9
  [KERNEL] → returned 0x00000000
  [KERNEL] #106: ordinal 184 (slot 57) esp=0x00F7FAE0 ret=0x0059EA05
  [KERNEL] NtAllocateVirtualMemory: base=0x00F81000 size=8192 type=0x1000 prot=0x4
  [KERNEL] → MEM_COMMIT on existing region 0x00F81000, no-op
  [KERNEL] → returned 0x00000000
  [KERNEL] #107: ordinal 294 (slot 2) esp=0x00F7FB48 ret=0x005A027A
  [KERNEL] → returned 0x00000000
  [KERNEL] #108: ordinal 128 (slot 25) esp=0x00F7FD4C ret=0x0059DA68
  [KERNEL] → returned 0x00000000
  [KERNEL] #109: ordinal 236 (slot 5) esp=0x00F7FD30 ret=0x0059DA90
  [KERNEL] → returned 0x00000000
  [KERNEL] #110: ordinal 236 (slot 5) esp=0x00F7FD30 ret=0x0059DB25
  [KERNEL] → returned 0x00000000
  [KERNEL] #111: ordinal 236 (slot 5) esp=0x00F7FD30 ret=0x0059DB25
  [KERNEL] → returned 0x00000000
  [KERNEL] #112: ordinal 236 (slot 5) esp=0x00F7FD30 ret=0x0059DB25
  [KERNEL] → returned 0x00000000
  [KERNEL] #113: ordinal 236 (slot 5) esp=0x00F7FD30 ret=0x0059DB25
  [KERNEL] → returned 0x00000000
  [KERNEL] #114: ordinal 236 (slot 5) esp=0x00F7FD30 ret=0x0059DB25
  [KERNEL] → returned 0x00000000
  [KERNEL] #115: ordinal 236 (slot 5) esp=0x00F7FD30 ret=0x0059DB25
  [KERNEL] → returned 0x00000000
  [KERNEL] #116: ordinal 236 (slot 5) esp=0x00F7FD30 ret=0x0059DB25
  [KERNEL] → returned 0x00000000
  [KERNEL] #117: ordinal 236 (slot 5) esp=0x00F7FD30 ret=0x0059DB25
  [KERNEL] → returned 0x00000000
  [KERNEL] #118: ordinal 236 (slot 5) esp=0x00F7FD30 ret=0x0059DB25
  [KERNEL] → returned 0x00000000
  [KERNEL] #119: ordinal 236 (slot 5) esp=0x00F7FD30 ret=0x0059DB25
  [KERNEL] → returned 0x00000000
  [KERNEL] #120: ordinal 236 (slot 5) esp=0x00F7FD30 ret=0x0059DB25
  [KERNEL] → returned 0x00000000
  [KERNEL] #121: ordinal 236 (slot 5) esp=0x00F7FD30 ret=0x0059DB25
  [KERNEL] → returned 0x00000000
  [KERNEL] #122: ordinal 236 (slot 5) esp=0x00F7FD30 ret=0x0059DB25
  [KERNEL] → returned 0x00000000
  [KERNEL] #123: ordinal 236 (slot 5) esp=0x00F7FD30 ret=0x0059DB25
  [KERNEL] → returned 0x00000000
  [KERNEL] #124: ordinal 236 (slot 5) esp=0x00F7FD30 ret=0x0059DB25
  [KERNEL] → returned 0x00000000
  [KERNEL] #125: ordinal 236 (slot 5) esp=0x00F7FD30 ret=0x0059DB25
  [KERNEL] → returned 0x00000000
  [KERNEL] #126: ordinal 236 (slot 5) esp=0x00F7FD30 ret=0x0059DB25
  [KERNEL] → returned 0x00000000
  [KERNEL] #127: ordinal 236 (slot 5) esp=0x00F7FD30 ret=0x0059DB25
  [KERNEL] → returned 0x00000000
  [KERNEL] #128: ordinal 236 (slot 5) esp=0x00F7FD30 ret=0x0059DB25
  [KERNEL] → returned 0x00000000
  [KERNEL] #129: ordinal 236 (slot 5) esp=0x00F7FD30 ret=0x0059DB25
  [KERNEL] → returned 0x00000000
  [KERNEL] #130: ordinal 236 (slot 5) esp=0x00F7FD30 ret=0x0059DB25
  [KERNEL] → returned 0x00000000
  [KERNEL] #131: ordinal 236 (slot 5) esp=0x00F7FD30 ret=0x0059DB25
  [KERNEL] → returned 0x00000000
  [KERNEL] #132: ordinal 236 (slot 5) esp=0x00F7FD30 ret=0x0059DB25
  [KERNEL] → returned 0x00000000
  [KERNEL] #133: ordinal 236 (slot 5) esp=0x00F7FD30 ret=0x0059DB25
  [KERNEL] → returned 0x00000000
  [KERNEL] #134: ordinal 236 (slot 5) esp=0x00F7FD30 ret=0x0059DB73
  [KERNEL] → returned 0x00000000
  [KERNEL] #135: ordinal 236 (slot 5) esp=0x00F7FD30 ret=0x0059DB73
  [KERNEL] → returned 0x00000000
  [KERNEL] #136: ordinal 236 (slot 5) esp=0x00F7FD30 ret=0x0059DB73
  [KERNEL] → returned 0x00000000
  [KERNEL] #137: ordinal 236 (slot 5) esp=0x00F7FD30 ret=0x0059DB73
  [KERNEL] → returned 0x00000000
  [KERNEL] #138: ordinal 277 (slot 1) esp=0x00F7FC64 ret=0x005A045A
  [KERNEL] → returned 0x00000000
  [KERNEL] #139: ordinal 200 (slot 10) esp=0x00F7FD28 ret=0x0059DBAD
  [FILE] NtFsControlFile(0x90020) - stub
  [KERNEL] → returned 0xC00000BB
  [KERNEL] #140: ordinal 187 (slot 14) esp=0x00F7FD4C ret=0x0059DBB6
  [KERNEL] NtClose: handle=0x48000001
  [KERNEL] → returned 0x00000000
[TRACE] -> sub_0059D1E0 (0x0059D1E0)  from=0059AD60 esp=00F7FDD4 eax=00F7FEF0 ecx=00F80690 esi=00004000 edi=00000001 ebx=00000000
  [KERNEL] #141: ordinal 202 (slot 15) esp=0x00F7FD84 ret=0x0059D216
  [PATH] \Device\Harddisk0\Partition5\ -> partition image
  [KERNEL] → returned 0x00000000
  [KERNEL] #142: ordinal 218 (slot 8) esp=0x00F7FD88 ret=0x0059D231
  [KERNEL] → returned 0x00000000
  [KERNEL] #143: ordinal 187 (slot 14) esp=0x00F7FD98 ret=0x0059D23C
  [KERNEL] NtClose: handle=0x48000001
  [KERNEL] → returned 0x00000000
[ESP] sub_0059D1E0 @pop esi  esp=00F7FDA0 esi=00000000 edi=00000001
[TRACE] <- sub_0059D1E0 (0x0059D1E0)  esp=00F7FDD4 eax=00000000 ecx=00F80690 esi=00004000 edi=00000001 ebx=00000000
  [KERNEL] #144: ordinal 67 (slot 29) esp=0x00F7FDD4 ret=0x0059AD99
  [KERNEL] → returned 0x00000000
[ESP] sub_0059D73E @after call 0x0059ACB7  esp=00F7FF0C esi=00000000 edi=00000000
  [KERNEL] #145: ordinal 24 (slot 40) esp=0x00F7FEE4 ret=0x0059E7AD
  [KERNEL] → returned 0x00000000
[ESP] sub_0059D73E @after call 0x0059E795  esp=00F7FF0C esi=00000000 edi=00000002
[TRACE] -> sub_0059E5C4 (0x0059E5C4)  from=0059D888 esp=00F7FF08 eax=00000000 ecx=00F80690 esi=00000000 edi=00000002 ebx=00000001
[ESP] sub_0059E5C4 @after call 0x005ADD80  esp=00F7EEB4 esi=00000000 edi=00000002
[ESP] sub_0059E5C4 @after call 0x0059E14A  esp=00F7EEAC esi=00000000 edi=00000002
  [KERNEL] #146: ordinal 203 (slot 31) esp=0x00F7EC70 ret=0x0059E1DE
  [KERNEL] → returned 0x00000000
  [KERNEL] #147: ordinal 215 (slot 30) esp=0x00F7EC68 ret=0x0059E206
  [KERNEL] → returned 0x00000000
  [KERNEL] #148: ordinal 187 (slot 14) esp=0x00F7EC70 ret=0x0059E211
  [KERNEL] NtClose: handle=0xDEAD0001
  [KERNEL] → returned 0x00000000
[ESP] sub_0059E5C4 @after call 0x0059E1AE  esp=00F7EEAC esi=00000000 edi=00000002
[ESP] sub_0059E5C4 @after call 0x005B2EED  esp=00F7EE9C esi=0000000E edi=00F7FAB4
[ESP] sub_0059E5C4 @pop esi  esp=00F7EEA8 esi=0000000E edi=00F7FAB4
[ESP] sub_0059E5C4 @pop edi  esp=00F7EEAC esi=00000000 edi=00F7FAB4
[ESP] sub_0059E5C4 @pop ebx  esp=00F7EEB0 esi=00000000 edi=00000002
[TRACE] <- sub_0059E5C4 (0x0059E5C4)  esp=00F7FF08 eax=00000000 ecx=FFFFFFFF esi=00000000 edi=00000002 ebx=00000001
[ESP] sub_0059D73E @after call 0x0059E5C4  esp=00F7FF0C esi=00000000 edi=00000002
[ESP] sub_0059D73E @pop edi  esp=00F7FF0C esi=00000000 edi=00000002
[ESP] sub_0059D73E @pop esi  esp=00F7FF10 esi=00000000 edi=00700098
[ESP] sub_0059D73E @pop ebx  esp=00F7FF14 esi=00000000 edi=00700098
[TRACE] <- sub_0059D73E (0x0059D73E)  esp=00F7FF50 eax=00000000 ecx=FFFFFFFF esi=00000000 edi=00700098 ebx=00000000
[ESP] sub_0059C59E @after call 0x0059D73E  esp=00F7FF54 esi=00000000 edi=00700098
  [KERNEL] #149: ordinal 291 (slot 0) esp=0x00F7FEE8 ret=0x005BE89A
  [KERNEL] → returned 0x00000000
  [KERNEL] #150: ordinal 291 (slot 0) esp=0x00F7FEE8 ret=0x005BE89A
  [KERNEL] → returned 0x00000000
  [KERNEL] #151: ordinal 291 (slot 0) esp=0x00F7FEE8 ret=0x005BE89A
  [KERNEL] → returned 0x00000000
  [KERNEL] #152: ordinal 291 (slot 0) esp=0x00F7FEE8 ret=0x005BE89A
  [KERNEL] → returned 0x00000000
  [KERNEL] #153: ordinal 291 (slot 0) esp=0x00F7FEE8 ret=0x005BE89A
  [KERNEL] → returned 0x00000000
  [KERNEL] #154: ordinal 291 (slot 0) esp=0x00F7FEE8 ret=0x005BE89A
  [KERNEL] → returned 0x00000000
  [KERNEL] #155: ordinal 291 (slot 0) esp=0x00F7FEE8 ret=0x005BE89A
  [KERNEL] → returned 0x00000000
  [KERNEL] #156: ordinal 291 (slot 0) esp=0x00F7FEE8 ret=0x005BE89A
  [KERNEL] → returned 0x00000000
  [KERNEL] #157: ordinal 291 (slot 0) esp=0x00F7FEE8 ret=0x005BE89A
  [KERNEL] → returned 0x00000000
  [KERNEL] #158: ordinal 291 (slot 0) esp=0x00F7FEE8 ret=0x005BE89A
  [KERNEL] → returned 0x00000000
  [KERNEL] #159: ordinal 291 (slot 0) esp=0x00F7FEE8 ret=0x005BE89A
  [KERNEL] → returned 0x00000000
  [KERNEL] #160: ordinal 291 (slot 0) esp=0x00F7FEE8 ret=0x005BE89A
  [KERNEL] → returned 0x00000000
  [KERNEL] #161: ordinal 291 (slot 0) esp=0x00F7FEE8 ret=0x005BE89A
  [KERNEL] → returned 0x00000000
  [KERNEL] #162: ordinal 291 (slot 0) esp=0x00F7FEE8 ret=0x005BE89A
  [KERNEL] → returned 0x00000000
  [KERNEL] #163: ordinal 277 (slot 1) esp=0x00F7FD78 ret=0x0059FCC9
  [KERNEL] → returned 0x00000000
  [KERNEL] #164: ordinal 294 (slot 2) esp=0x00F7FD78 ret=0x005A027A
  [KERNEL] → returned 0x00000000
  [KERNEL] #165: ordinal 277 (slot 1) esp=0x00F7FF28 ret=0x0059C8D8
  [KERNEL] → returned 0x00000000
  [KERNEL] #166: ordinal 294 (slot 2) esp=0x00F7FF28 ret=0x0059C910
  [KERNEL] → returned 0x00000000
  [KERNEL] #167: ordinal 277 (slot 1) esp=0x00F7FD70 ret=0x0059FCC9
  [KERNEL] → returned 0x00000000
  [KERNEL] #168: ordinal 294 (slot 2) esp=0x00F7FD70 ret=0x005A027A
  [KERNEL] → returned 0x00000000
[ESP] sub_0059C59E @after call 0x0059DED8  esp=00F7FF54 esi=00000000 edi=00700098
[ICALL] Failed to resolve VA 0x005ADC55 (total calls: 186)
  Recent ICALL targets:
    [ 0] 0x005BE890
    [ 1] 0xFE000000
    [ 2] 0x005BE890
    [ 3] 0xFE000000
    [ 4] 0x005BE890
    [ 5] 0xFE000000
    [ 6] 0x005BE890
    [ 7] 0xFE000000
    [ 8] 0xFE000004
    [ 9] 0xFE000008
    [10] 0xFE000004
    [11] 0xFE000008
    [12] 0x005BC8EF
    [13] 0xFE000004
    [14] 0xFE000008
    [15] 0x005ADC55
  [KERNEL] #169: ordinal 277 (slot 1) esp=0x00F7FD70 ret=0x0059FCC9
  [KERNEL] → returned 0x00000000
  [KERNEL] #170: ordinal 294 (slot 2) esp=0x00F7FD70 ret=0x005A027A
  [KERNEL] → returned 0x00000000
  [KERNEL] #171: ordinal 277 (slot 1) esp=0x00F7FD78 ret=0x0059FCC9
  [KERNEL] → returned 0x00000000
  [KERNEL] #172: ordinal 294 (slot 2) esp=0x00F7FD78 ret=0x005A027A
  [KERNEL] → returned 0x00000000
  [KERNEL] #173: ordinal 277 (slot 1) esp=0x00F7FEF4 ret=0x005B3197
  [KERNEL] → returned 0x00000000
  [KERNEL] #174: ordinal 277 (slot 1) esp=0x00F7FD34 ret=0x0059FCC9
  [KERNEL] → returned 0x00000000
  [KERNEL] #175: ordinal 294 (slot 2) esp=0x00F7FD34 ret=0x005A027A
  [KERNEL] → returned 0x00000000
  [KERNEL] #176: ordinal 294 (slot 2) esp=0x00F7FEF4 ret=0x005B30CA
  [KERNEL] → returned 0x00000000
  [KERNEL] #177: ordinal 184 (slot 57) esp=0x00F7FEE8 ret=0x0059C455
  [KERNEL] NtAllocateVirtualMemory: base=0x00000000 size=209715200 type=0x2000 prot=0x1
xbox_HeapAlloc: out of memory (requested 209715200, used 33554432/50855936)
xbox_HeapAlloc: out of memory (requested 104857600, used 33554432/50855936)
xbox_HeapAlloc: out of memory (requested 52428800, used 33554432/50855936)
xbox_HeapAlloc: out of memory (requested 26214400, used 33554432/50855936)
  [HEAP] #2: size=13107200 align=4096 → 0x02F80000..0x03C00000 (used 46661632/50855936)
  [KERNEL] NtAllocateVirtualMemory: reserve of 209715200 clamped to 13107200 (heap cannot back the full range)
  [KERNEL] → returned 0x00000000
  [KERNEL] #178: ordinal 184 (slot 57) esp=0x00F7FEE8 ret=0x0059C455
  [KERNEL] NtAllocateVirtualMemory: base=0x02F80000 size=24576 type=0x801000 prot=0x4
  [KERNEL] → MEM_COMMIT on existing region 0x02F80000, no-op
  [KERNEL] → returned 0x00000000
  [KERNEL] #179: ordinal 184 (slot 57) esp=0x00F7FEE8 ret=0x0059C455
  [KERNEL] NtAllocateVirtualMemory: base=0x03380000 size=180224 type=0x801000 prot=0x4
  [KERNEL] → MEM_COMMIT on existing region 0x03380000, no-op
  [KERNEL] → returned 0x00000000
  [KERNEL] #180: ordinal 184 (slot 57) esp=0x00F7FEE8 ret=0x0059C455
  [KERNEL] NtAllocateVirtualMemory: base=0x03780000 size=65536 type=0x801000 prot=0x4
  [KERNEL] → MEM_COMMIT on existing region 0x03780000, no-op
  [KERNEL] → returned 0x00000000
  [KERNEL] #181: ordinal 184 (slot 57) esp=0x00F7FEE8 ret=0x0059C455
  [KERNEL] NtAllocateVirtualMemory: base=0x03B80000 size=270336 type=0x801000 prot=0x4
  [KERNEL] → MEM_COMMIT on existing region 0x03B80000, no-op
  [KERNEL] → returned 0x00000000
  [KERNEL] #182: ordinal 184 (slot 57) esp=0x00F7FEE8 ret=0x0059C455
  [KERNEL] NtAllocateVirtualMemory: base=0x03F80000 size=139264 type=0x801000 prot=0x4
  [KERNEL] → MEM_COMMIT on existing region 0x03F80000, no-op
  [KERNEL] → returned 0x00000000
  [KERNEL] #183: ordinal 184 (slot 57) esp=0x00F7FEE8 ret=0x0059C455
  [KERNEL] NtAllocateVirtualMemory: base=0x04380000 size=106496 type=0x801000 prot=0x4
  [KERNEL] → MEM_COMMIT on existing region 0x04380000, no-op
  [KERNEL] → returned 0x00000000
  [KERNEL] #184: ordinal 184 (slot 57) esp=0x00F7FEE8 ret=0x0059C455
  [KERNEL] NtAllocateVirtualMemory: base=0x04780000 size=73728 type=0x801000 prot=0x4
  [KERNEL] → MEM_COMMIT on existing region 0x04780000, no-op
  [KERNEL] → returned 0x00000000
  [KERNEL] #185: ordinal 184 (slot 57) esp=0x00F7FEE8 ret=0x0059C455
  [KERNEL] NtAllocateVirtualMemory: base=0x04B80000 size=434176 type=0x801000 prot=0x4
  [KERNEL] → MEM_COMMIT on existing region 0x04B80000, no-op
  [KERNEL] → returned 0x00000000
  [KERNEL] #186: ordinal 184 (slot 57) esp=0x00F7FEE8 ret=0x0059C455
  [KERNEL] NtAllocateVirtualMemory: base=0x04F80000 size=204800 type=0x801000 prot=0x4
  [KERNEL] → MEM_COMMIT on existing region 0x04F80000, no-op
  [KERNEL] → returned 0x00000000
  [KERNEL] #187: ordinal 184 (slot 57) esp=0x00F7FEE8 ret=0x0059C455
  [KERNEL] NtAllocateVirtualMemory: base=0x05380000 size=90112 type=0x801000 prot=0x4
  [KERNEL] → MEM_COMMIT on existing region 0x05380000, no-op
  [KERNEL] → returned 0x00000000
  [KERNEL] #188: ordinal 184 (slot 57) esp=0x00F7FEE8 ret=0x0059C455
  [KERNEL] NtAllocateVirtualMemory: base=0x05780000 size=32768 type=0x801000 prot=0x4
  [KERNEL] → MEM_COMMIT on existing region 0x05780000, no-op
  [KERNEL] → returned 0x00000000
  [KERNEL] #189: ordinal 184 (slot 57) esp=0x00F7FEE8 ret=0x0059C455
  [KERNEL] NtAllocateVirtualMemory: base=0x05B80000 size=32768 type=0x801000 prot=0x4
  [KERNEL] → MEM_COMMIT on existing region 0x05B80000, no-op
  [KERNEL] → returned 0x00000000
  [KERNEL] #190: ordinal 184 (slot 57) esp=0x00F7FEE8 ret=0x0059C455
  [KERNEL] NtAllocateVirtualMemory: base=0x05F80000 size=24576 type=0x801000 prot=0x4
  [KERNEL] → MEM_COMMIT on existing region 0x05F80000, no-op
  [KERNEL] → returned 0x00000000
  [KERNEL] #191: ordinal 184 (slot 57) esp=0x00F7FEE8 ret=0x0059C455
  [KERNEL] NtAllocateVirtualMemory: base=0x06380000 size=16384 type=0x801000 prot=0x4
  [KERNEL] → MEM_COMMIT on existing region 0x06380000, no-op
  [KERNEL] → returned 0x00000000
  [KERNEL] #192: ordinal 184 (slot 57) esp=0x00F7FEE8 ret=0x0059C455
  [KERNEL] NtAllocateVirtualMemory: base=0x06780000 size=16384 type=0x801000 prot=0x4
  [KERNEL] → MEM_COMMIT on existing region 0x06780000, no-op
  [KERNEL] → returned 0x00000000
  [KERNEL] #193: ordinal 184 (slot 57) esp=0x00F7FEE8 ret=0x0059C455
  [KERNEL] NtAllocateVirtualMemory: base=0x06B80000 size=16384 type=0x801000 prot=0x4
  [KERNEL] → MEM_COMMIT on existing region 0x06B80000, no-op
  [KERNEL] → returned 0x00000000
  [KERNEL] #194: ordinal 184 (slot 57) esp=0x00F7FEE8 ret=0x0059C455
  [KERNEL] NtAllocateVirtualMemory: base=0x06F80000 size=24576 type=0x801000 prot=0x4
  [KERNEL] → MEM_COMMIT on existing region 0x06F80000, no-op
  [KERNEL] → returned 0x00000000
  [KERNEL] #195: ordinal 184 (slot 57) esp=0x00F7FEE8 ret=0x0059C455
  [KERNEL] NtAllocateVirtualMemory: base=0x07380000 size=49152 type=0x801000 prot=0x4
  [KERNEL] → MEM_COMMIT on existing region 0x07380000, no-op
  [KERNEL] → returned 0x00000000
  [KERNEL] #196: ordinal 184 (slot 57) esp=0x00F7FEE8 ret=0x0059C455
  [KERNEL] NtAllocateVirtualMemory: base=0x07780000 size=32768 type=0x801000 prot=0x4
  [KERNEL] → MEM_COMMIT on existing region 0x07780000, no-op
  [KERNEL] → returned 0x00000000
  [KERNEL] #197: ordinal 184 (slot 57) esp=0x00F7FEE8 ret=0x0059C455
  [KERNEL] NtAllocateVirtualMemory: base=0x07B80000 size=16384 type=0x801000 prot=0x4
  [KERNEL] → MEM_COMMIT on existing region 0x07B80000, no-op
  [KERNEL] → returned 0x00000000
  [KERNEL] #198: ordinal 184 (slot 57) esp=0x00F7FEE8 ret=0x0059C455
  [KERNEL] NtAllocateVirtualMemory: base=0x07F80000 size=8192 type=0x801000 prot=0x4
  [KERNEL] → MEM_COMMIT on existing region 0x07F80000, no-op
  [KERNEL] → returned 0x00000000
  [KERNEL] #199: ordinal 184 (slot 57) esp=0x00F7FEE8 ret=0x0059C455
  [KERNEL] NtAllocateVirtualMemory: base=0x08380000 size=49152 type=0x801000 prot=0x4
  [KERNEL] → MEM_COMMIT on existing region 0x08380000, no-op
  [KERNEL] → returned 0x00000000
  [KERNEL] #200: ordinal 184 (slot 57) esp=0x00F7FEE8 ret=0x0059C455
  [KERNEL] NtAllocateVirtualMemory: base=0x08780000 size=24576 type=0x801000 prot=0x4
  [KERNEL] → MEM_COMMIT on existing region 0x08780000, no-op
  [KERNEL] → returned 0x00000000
[ICALL] Failed to resolve VA 0x00620A53 (total calls: 266)
  Recent ICALL targets:
    [ 0] 0x005E9370
    [ 1] 0x005E9380
    [ 2] 0xFE000004
    [ 3] 0xFE000008
    [ 4] 0xFE000004
    [ 5] 0xFE000008
    [ 6] 0x005E94A0
    [ 7] 0xFE0000F0
    [ 8] 0xFE000004
    [ 9] 0xFE000008
    [10] 0x00620158
    [11] 0xFE00012C
    [12] 0xFE000128
    [13] 0xFE00015C
    [14] 0x00620158
    [15] 0x00620A53
  [HEAP] #3: size=4096 align=4096 → 0x03C00000..0x03C01000 (used 46665728/50855936)
  [KERNEL] WARNING: no bridge for ordinal 175 (slot 106), returning 0
[ICALL] Failed to resolve VA 0x0062264B (total calls: 272)
  Recent ICALL targets:
    [ 0] 0x005E94A0
    [ 1] 0xFE0000F0
    [ 2] 0xFE000004
    [ 3] 0xFE000008
    [ 4] 0x00620158
    [ 5] 0xFE00012C
    [ 6] 0xFE000128
    [ 7] 0xFE00015C
    [ 8] 0x00620158
    [ 9] 0x00620A53
    [10] 0xFE000134
    [11] 0xFE0001A8
    [12] 0xFE0001A4
    [13] 0xFE00012C
    [14] 0xFE000128
    [15] 0x0062264B
[ICALL] Failed to resolve VA 0x0062264B (total calls: 273)
  Recent ICALL targets:
    [ 0] 0xFE0000F0
    [ 1] 0xFE000004
    [ 2] 0xFE000008
    [ 3] 0x00620158
    [ 4] 0xFE00012C
    [ 5] 0xFE000128
    [ 6] 0xFE00015C
    [ 7] 0x00620158
    [ 8] 0x00620A53
    [ 9] 0xFE000134
    [10] 0xFE0001A8
    [11] 0xFE0001A4
    [12] 0xFE00012C
    [13] 0xFE000128
    [14] 0x0062264B
    [15] 0x0062264B
[ICALL] Failed to resolve VA 0x0062264B (total calls: 274)
  Recent ICALL targets:
    [ 0] 0xFE000004
    [ 1] 0xFE000008
    [ 2] 0x00620158
    [ 3] 0xFE00012C
    [ 4] 0xFE000128
    [ 5] 0xFE00015C
    [ 6] 0x00620158
    [ 7] 0x00620A53
    [ 8] 0xFE000134
    [ 9] 0xFE0001A8
    [10] 0xFE0001A4
    [11] 0xFE00012C
    [12] 0xFE000128
    [13] 0x0062264B
    [14] 0x0062264B
    [15] 0x0062264B
[ICALL] Failed to resolve VA 0x0062264B (total calls: 275)
  Recent ICALL targets:
    [ 0] 0xFE000008
    [ 1] 0x00620158
    [ 2] 0xFE00012C
    [ 3] 0xFE000128
    [ 4] 0xFE00015C
    [ 5] 0x00620158
    [ 6] 0x00620A53
    [ 7] 0xFE000134
    [ 8] 0xFE0001A8
    [ 9] 0xFE0001A4
    [10] 0xFE00012C
    [11] 0xFE000128
    [12] 0x0062264B
    [13] 0x0062264B
    [14] 0x0062264B
    [15] 0x0062264B
[ICALL] Failed to resolve VA 0x0062264B (total calls: 276)
  Recent ICALL targets:
    [ 0] 0x00620158
    [ 1] 0xFE00012C
    [ 2] 0xFE000128
    [ 3] 0xFE00015C
    [ 4] 0x00620158
    [ 5] 0x00620A53
    [ 6] 0xFE000134
    [ 7] 0xFE0001A8
    [ 8] 0xFE0001A4
    [ 9] 0xFE00012C
    [10] 0xFE000128
    [11] 0x0062264B
    [12] 0x0062264B
    [13] 0x0062264B
    [14] 0x0062264B
    [15] 0x0062264B
[ICALL] Failed to resolve VA 0x0062264B (total calls: 277)
  Recent ICALL targets:
    [ 0] 0xFE00012C
    [ 1] 0xFE000128
    [ 2] 0xFE00015C
    [ 3] 0x00620158
    [ 4] 0x00620A53
    [ 5] 0xFE000134
    [ 6] 0xFE0001A8
    [ 7] 0xFE0001A4
    [ 8] 0xFE00012C
    [ 9] 0xFE000128
    [10] 0x0062264B
    [11] 0x0062264B
    [12] 0x0062264B
    [13] 0x0062264B
    [14] 0x0062264B
    [15] 0x0062264B
[ICALL] Failed to resolve VA 0x0062264B (total calls: 278)
  Recent ICALL targets:
    [ 0] 0xFE000128
    [ 1] 0xFE00015C
    [ 2] 0x00620158
    [ 3] 0x00620A53
    [ 4] 0xFE000134
    [ 5] 0xFE0001A8
    [ 6] 0xFE0001A4
    [ 7] 0xFE00012C
    [ 8] 0xFE000128
    [ 9] 0x0062264B
    [10] 0x0062264B
    [11] 0x0062264B
    [12] 0x0062264B
    [13] 0x0062264B
    [14] 0x0062264B
    [15] 0x0062264B
[ICALL] Failed to resolve VA 0x0062264B (total calls: 279)
  Recent ICALL targets:
    [ 0] 0xFE00015C
    [ 1] 0x00620158
    [ 2] 0x00620A53
    [ 3] 0xFE000134
    [ 4] 0xFE0001A8
    [ 5] 0xFE0001A4
    [ 6] 0xFE00012C
    [ 7] 0xFE000128
    [ 8] 0x0062264B
    [ 9] 0x0062264B
    [10] 0x0062264B
    [11] 0x0062264B
    [12] 0x0062264B
    [13] 0x0062264B
    [14] 0x0062264B
    [15] 0x0062264B
[ICALL] Failed to resolve VA 0x0062264B (total calls: 280)
  Recent ICALL targets:
    [ 0] 0x00620158
    [ 1] 0x00620A53
    [ 2] 0xFE000134
    [ 3] 0xFE0001A8
    [ 4] 0xFE0001A4
    [ 5] 0xFE00012C
    [ 6] 0xFE000128
    [ 7] 0x0062264B
    [ 8] 0x0062264B
    [ 9] 0x0062264B
    [10] 0x0062264B
    [11] 0x0062264B
    [12] 0x0062264B
    [13] 0x0062264B
    [14] 0x0062264B
    [15] 0x0062264B
[ICALL] Failed to resolve VA 0x0062264B (total calls: 281)
  Recent ICALL targets:
    [ 0] 0x00620A53
    [ 1] 0xFE000134
    [ 2] 0xFE0001A8
    [ 3] 0xFE0001A4
    [ 4] 0xFE00012C
    [ 5] 0xFE000128
    [ 6] 0x0062264B
    [ 7] 0x0062264B
    [ 8] 0x0062264B
    [ 9] 0x0062264B
    [10] 0x0062264B
    [11] 0x0062264B
    [12] 0x0062264B
    [13] 0x0062264B
    [14] 0x0062264B
    [15] 0x0062264B
[ICALL] Failed to resolve VA 0x0062264B (total calls: 282)
  Recent ICALL targets:
    [ 0] 0xFE000134
    [ 1] 0xFE0001A8
    [ 2] 0xFE0001A4
    [ 3] 0xFE00012C
    [ 4] 0xFE000128
    [ 5] 0x0062264B
    [ 6] 0x0062264B
    [ 7] 0x0062264B
    [ 8] 0x0062264B
    [ 9] 0x0062264B
    [10] 0x0062264B
    [11] 0x0062264B
    [12] 0x0062264B
    [13] 0x0062264B
    [14] 0x0062264B
    [15] 0x0062264B
[ICALL] Failed to resolve VA 0x0062264B (total calls: 283)
  Recent ICALL targets:
    [ 0] 0xFE0001A8
    [ 1] 0xFE0001A4
    [ 2] 0xFE00012C
    [ 3] 0xFE000128
    [ 4] 0x0062264B
    [ 5] 0x0062264B
    [ 6] 0x0062264B
    [ 7] 0x0062264B
    [ 8] 0x0062264B
    [ 9] 0x0062264B
    [10] 0x0062264B
    [11] 0x0062264B
    [12] 0x0062264B
    [13] 0x0062264B
    [14] 0x0062264B
    [15] 0x0062264B
[ICALL] Failed to resolve VA 0x0062264B (total calls: 284)
  Recent ICALL targets:
    [ 0] 0xFE0001A4
    [ 1] 0xFE00012C
    [ 2] 0xFE000128
    [ 3] 0x0062264B
    [ 4] 0x0062264B
    [ 5] 0x0062264B
    [ 6] 0x0062264B
    [ 7] 0x0062264B
    [ 8] 0x0062264B
    [ 9] 0x0062264B
    [10] 0x0062264B
    [11] 0x0062264B
    [12] 0x0062264B
    [13] 0x0062264B
    [14] 0x0062264B
    [15] 0x0062264B
[ICALL] Failed to resolve VA 0x0062264B (total calls: 285)
  Recent ICALL targets:
    [ 0] 0xFE00012C
    [ 1] 0xFE000128
    [ 2] 0x0062264B
    [ 3] 0x0062264B
    [ 4] 0x0062264B
    [ 5] 0x0062264B
    [ 6] 0x0062264B
    [ 7] 0x0062264B
    [ 8] 0x0062264B
    [ 9] 0x0062264B
    [10] 0x0062264B
    [11] 0x0062264B
    [12] 0x0062264B
    [13] 0x0062264B
    [14] 0x0062264B
    [15] 0x0062264B
[ICALL] Failed to resolve VA 0x0062264B (total calls: 286)
  Recent ICALL targets:
    [ 0] 0xFE000128
    [ 1] 0x0062264B
    [ 2] 0x0062264B
    [ 3] 0x0062264B
    [ 4] 0x0062264B
    [ 5] 0x0062264B
    [ 6] 0x0062264B
    [ 7] 0x0062264B
    [ 8] 0x0062264B
    [ 9] 0x0062264B
    [10] 0x0062264B
    [11] 0x0062264B
    [12] 0x0062264B
    [13] 0x0062264B
    [14] 0x0062264B
    [15] 0x0062264B
[ICALL] Failed to resolve VA 0x0062264B (total calls: 287)
  Recent ICALL targets:
    [ 0] 0x0062264B
    [ 1] 0x0062264B
    [ 2] 0x0062264B
    [ 3] 0x0062264B
    [ 4] 0x0062264B
    [ 5] 0x0062264B
    [ 6] 0x0062264B
    [ 7] 0x0062264B
    [ 8] 0x0062264B
    [ 9] 0x0062264B
    [10] 0x0062264B
    [11] 0x0062264B
    [12] 0x0062264B
    [13] 0x0062264B
    [14] 0x0062264B
    [15] 0x0062264B
[ICALL] Failed to resolve VA 0x0062264B (total calls: 288)
  Recent ICALL targets:
    [ 0] 0x0062264B
    [ 1] 0x0062264B
    [ 2] 0x0062264B
    [ 3] 0x0062264B
    [ 4] 0x0062264B
    [ 5] 0x0062264B
    [ 6] 0x0062264B
    [ 7] 0x0062264B
    [ 8] 0x0062264B
    [ 9] 0x0062264B
    [10] 0x0062264B
    [11] 0x0062264B
    [12] 0x0062264B
    [13] 0x0062264B
    [14] 0x0062264B
    [15] 0x0062264B
[ICALL] Failed to resolve VA 0x0062264B (total calls: 289)
  Recent ICALL targets:
    [ 0] 0x0062264B
    [ 1] 0x0062264B
    [ 2] 0x0062264B
    [ 3] 0x0062264B
    [ 4] 0x0062264B
    [ 5] 0x0062264B
    [ 6] 0x0062264B
    [ 7] 0x0062264B
    [ 8] 0x0062264B
    [ 9] 0x0062264B
    [10] 0x0062264B
    [11] 0x0062264B
    [12] 0x0062264B
    [13] 0x0062264B
    [14] 0x0062264B
    [15] 0x0062264B
[ICALL] Failed to resolve VA 0x0062264B (total calls: 290)
  Recent ICALL targets:
    [ 0] 0x0062264B
    [ 1] 0x0062264B
    [ 2] 0x0062264B
    [ 3] 0x0062264B
    [ 4] 0x0062264B
    [ 5] 0x0062264B
    [ 6] 0x0062264B
    [ 7] 0x0062264B
    [ 8] 0x0062264B
    [ 9] 0x0062264B
    [10] 0x0062264B
    [11] 0x0062264B
    [12] 0x0062264B
    [13] 0x0062264B
    [14] 0x0062264B
    [15] 0x0062264B
  [KERNEL] WARNING: no bridge for ordinal 151 (slot 103), returning 0
[ESP] sub_0059C59E @after call 0x0059DE80  esp=00F7FF54 esi=00000000 edi=00700098
[TRACE] -> sub_005969A0 (0x005969A0)  from=0059C5FF esp=00F7FF44 eax=FFFFFFFF ecx=005E9718 esi=00000000 edi=00700098 ebx=00F7FF20
[ESP] sub_005969A0 @after call 0x0059C4A6  esp=00F7FF18 esi=00000000 edi=00700098
[ESP] sub_005969A0 @after call 0x005993B0  esp=00F7FF18 esi=00000000 edi=00700098
[ESP] sub_005969A0 @after call 0x00598650  esp=00F7FF00 esi=00000000 edi=00700098
[ESP] sub_005969A0 @after call 0x00598650  esp=00F7FF00 esi=00000000 edi=00700098
[ESP] sub_005969A0 @after call 0x00598650  esp=00F7FF00 esi=00000000 edi=00700098
[ESP] sub_005969A0 @after call 0x00598650  esp=00F7FF00 esi=00000000 edi=00700098
[ESP] sub_005969A0 @after call 0x00598650  esp=00F7FF00 esi=00000000 edi=00700098
[ESP] sub_005969A0 @after call 0x00598650  esp=00F7FEF4 esi=00000000 edi=00700098
[ESP] sub_005969A0 @after call 0x00598650  esp=00F7FEE4 esi=00000000 edi=00700098
[TRACE] -> sub_005C0EA0 (0x005C0EA0)  from=00596B15 esp=00F7FF04 eax=02000001 ecx=00F81710 esi=00000000 edi=00700098 ebx=00F7FF20
[ESP] sub_005C0EA0 @after call 0x00365BE0  esp=00F7FE60 esi=00000000 edi=00700098
[ESP] sub_005C0EA0 @after call 0x005A10B0  esp=00F7FE64 esi=00000000 edi=00700098
[ESP] sub_005C0EA0 @after call 0x0057FCE0  esp=00F7FE64 esi=00000000 edi=00700098
[ESP] sub_005C0EA0 @after call 0x00592C00  esp=00F7FE64 esi=00000000 edi=00700098
[ESP] sub_005C0EA0 @after call 0x005A16E0  esp=00F7FE64 esi=00000000 edi=00700098
[ESP] sub_005C0EA0 @after call 0x005A1170  esp=00F7FE64 esi=00000000 edi=00700098
[ICALL] target 0x00000000 is not code -- skipped (null or wild function pointer, call #458)
[WATCHDOG] no exit after 25s; guest esp=0x00F7FE40
  regs: eax=00000000 ecx=00000001 edx=00000000 ebx=00000001 esi=0000FFFF edi=625C3290
  recent ICALL targets: 005C16E5 0057F320 FE000004 FE000008 FE0000F0 00593170 0057F320 0057F320 0057F320 0057F320 005A10C0 005A11A0 0057F320 FE000004 FE000008 00000000
    GS 00F7FE40 625C3290
    GS 00F7FE44 625C326C
    GS 00F7FE48 00F7FD20
    GS 00F7FE4C FFFFFFFF
    GS 00F7FE50 00011079
    GS 00F7FE54 005A110C
    GS 00F7FE58 625C326C
    GS 00F7FE5C 005A16B6
    GS 00F7FE60 005C0F0A
    GS 00F7FE64 00000000
    GS 00F7FE68 00772BA4
    GS 00F7FE6C 00000000
    GS 00F7FE70 00000000
    GS 00F7FE74 00000000
    GS 00F7FE78 00000000
    GS 00F7FE7C 00000000
    GS 00F7FE80 00000000
    GS 00F7FE84 00000000
    GS 00F7FE88 00000000
    GS 00F7FE8C 0001D0E3
    GS 00F7FE90 0AB80000
    GS 00F7FE94 00000010
    GS 00F7FE98 00000000
    GS 00F7FE9C 0000FFFF
    GS 00F7FEA0 0000FFFF
    GS 00F7FEA4 00000000
    GS 00F7FEA8 BFF00000
    GS 00F7FEAC 00000000
    GS 00F7FEB0 00000250
    GS 00F7FEB4 00770B30
    GS 00F7FEB8 04F80000
    GS 00F7FEBC 00000003
    GS 00F7FEC0 00000000
    GS 00F7FEC4 00000001
    GS 00F7FEC8 00000000
    GS 00F7FECC 00000000
    GS 00F7FED0 00000000
    GS 00F7FED4 00000000
    GS 00F7FED8 0001D0E3
    GS 00F7FEDC 0AB80100
    GS 00F7FEE0 00000010
    GS 00F7FEE4 00000000
    GS 00F7FEE8 0000FFFF
    GS 00F7FEEC 0000FFFF
    GS 00F7FEF0 00000000
    GS 00F7FEF4 00000008
    GS 00F7FEF8 00000000
    GS 00F7FEFC 00F7FE68
    GS 00F7FF00 00000000
    GS 00F7FF04 00596B15
    GS 00F7FF08 00000001
    GS 00F7FF0C 00000000
    GS 00F7FF10 00F81710
    GS 00F7FF14 00000000
    GS 00F7FF18 00000000
    GS 00F7FF1C 02000000
    GS 00F7FF20 00000020
    GS 00F7FF24 00000000
    GS 00F7FF28 04000000
    GS 00F7FF2C 02000000
    GS 00F7FF30 00000000
    GS 00F7FF34 00000000
    GS 00F7FF38 7FFE0000
    GS 00F7FF3C 7FFE0000
    GS 00F7FF40 0059C59E
    GS 00F7FF44 0059C5FF
    GS 00F7FF48 00000000
    GS 00F7FF4C 00000000
    GS 00F7FF50 00000000
    GS 00F7FF54 0059C9C2
    GS 00F7FF58 00000000
    GS 00F7FF5C 00000000
    GS 00F7FF60 00000000
    GS 00F7FF64 00000000
    GS 00F7FF68 00000000
    GS 00F7FF6C 00700004
    GS 00F7FF70 00760000
    GS 00F7FF74 00000000
    GS 00F7FF78 00F7FF5C
    GS 00F7FF7C 00000000
    GS 00F7FF80 FFFFFFFF
    GS 00F7FF84 005B2094
    GS 00F7FF88 00770618
    GS 00F7FF8C 00000000
    GS 00F7FF90 00F7FFC8
    GS 00F7FF94 00000000
    GS 00F7FF98 0059C59E
    GS 00F7FF9C 00000000
    GS 00F7FFA0 00F7FFD4
    GS 00F7FFA4 00000000
    GS 00F7FFA8 00040000
    GS 00F7FFAC 000000A4
    GS 00F7FFB0 00000000
    GS 00F7FFB4 0059C59E
    GS 00F7FFB8 00000000
    GS 00F7FFBC 00000000
    GS 00F7FFC0 00000000
    GS 00F7FFC4 0059C950
    GS 00F7FFC8 013FFEF8
    GS 00F7FFCC 0059C66B
    GS 00F7FFD0 00000000
    GS 00F7FFD4 BEEF0001
    GS 00F7FFD8 0059C59E
    GS 00F7FFDC 00000000
    GS 00F7FFE0 00000000
    GS 00F7FFE4 00000000
    GS 00F7FFE8 00000000
    GS 00F7FFEC 00000000
